Don hang DH001 - API loi 404: {}
Don hang DH001 - API loi 404: {}
Don hang DH001 - API loi 404: 
Don hang DH001 - API loi 404: 
Don hang DH001 - API loi 404: 
Don hang DH001 - API loi 404: 
Don hang DH001 - API loi 404: 
Don hang DH001 - API loi 404: 
Don hang DH001 - API loi 404: 
Don hang DH001 - API loi 404: 
Don hang DH001 - API loi 0: Connection timed out after 10008 milliseconds
Don hang DH001 - API loi 0: Operation timed out after 10000 milliseconds with 0 out of 0 bytes received
Don hang DH001 - API loi 0: Connection timed out after 10001 milliseconds
Don hang DH001 - API loi 0: Connection timed out after 10009 milliseconds
Don hang DH001 - API loi 404: 
Don hang DH001 - API loi 0: Operation timed out after 10014 milliseconds with 0 out of 0 bytes received
Don hang DH001 - API loi 28: Connection timed out after 10013 milliseconds
Don hang DH001 - API loi 28: Connection timed out after 10004 milliseconds
Don hang DH001 - API loi 404: 
Don hang DH001 - API loi 404
Don hang DH001 - API loi 404
Don hang DH001 - API loi 404
Don hang DH001 - API loi 404
Don hang DH001 - API loi 404
Don hang DH001 - API loi 404
